[eth30.bi/index.html]
[backblue.gif]
[fade.gif]
[index.html]
[eth30.bi/static/css/theme.minc4ca.css]
[eth30.bi/static/css/bootstrap.min.css]
[eth30.bi/static/css/animate.min.css]
[eth30.bi/static/css/icofont.css]
[eth30.bi/static/css/flaticon.css]
[eth30.bi/static/css/fontawesome.min.css]
[eth30.bi/static/css/slick.min.css]
[eth30.bi/static/css/style.css]
[eth30.bi/static/layui/css/layui.css]
[eth30.bi/static/js/jquery-1.12.4.min.js]
[eth30.bi/static/layer/layer.js]
[eth30.bi/static/layui/layui.js]
[eth30.bi/static/picture/logo.png]
[eth30.bi/static/ETHE_2023081111.pdf]
[eth30.bi/static/whitepaperen1.pdf]
[eth30.bi/static/images/hero-bg-v1.jpg]
[eth30.bi/static/picture/about-img1.png]
[eth30.bi/static/picture/ethereum1.png]
[eth30.bi/static/picture/ethereum2.png]
[eth30.bi/static/picture/video-bg.jpg]
[eth30.bi/static/images/v.png]
[eth30.bi/static/media/01.mp4]
[eth30.bi/index/index/getrewards.json]
[eth30.bi/index/index/post.html]
[eth30.bi/index/index/tx.json]
[eth30.bi/index/index/getinitdata.json]
[eth30.bi/static/images/member-bg.jpg]
[eth30.bi/static/picture/1.jpg]
[eth30.bi/static/picture/14.jpg]
[eth30.bi/static/picture/3.jpg]
[eth30.bi/static/picture/4.jpg]
[eth30.bi/static/picture/5.jpg]
[eth30.bi/static/picture/6.jpg]
[eth30.bi/static/picture/2.jpg]
[eth30.bi/static/picture/12.jpg]
[eth30.bi/static/picture/uniswap.png]
[eth30.bi/static/picture/eteswap.png]
[eth30.bi/static/picture/lbank.png]
[eth30.bi/static/picture/mexc.png]
[eth30.bi/static/picture/bitget.png]
[eth30.bi/static/picture/pinkswap.png]
[eth30.bi/static/picture/dexviews.png]
[eth30.bi/static/picture/coinmarketcap.png]
[eth30.bi/static/picture/coingecko.png]
[eth30.bi/static/picture/dextools.png]
[eth30.bi/static/picture/beosin.png]
[eth30.bi/static/picture/ave.png]
[eth30.bi/static/picture/geckoterminal.png]
[eth30.bi/static/picture/nft.png]
[eth30.bi/static/picture/lottery.png]
[eth30.bi/static/picture/tokentools.png]
[eth30.bi/static/picture/swft.png]
[eth30.bi/static/images/footer-bg.jpg]
[eth30.bi/static/001.png]
[eth30.bi/static/js/email-decode.min.js]
[eth30.bi/static/js/modernizr-3.5.0.min.js]
[eth30.bi/static/js/clipboard.minf342.js]
[eth30.bi/static/js/js.cookie.min.js]
[eth30.bi/static/js/bootstrap.min.js]
[eth30.bi/static/js/smoothscroll.min.js]
[eth30.bi/static/js/wow.min.js]
[eth30.bi/static/js/slick.min.js]
[eth30.bi/index.html]
[eth30.bi/static/js/main.js]
[eth30.bi/static/image/createx-icons.ttf]
[eth30.bi/static/js/echarts.min.js]
[eth30.bi/static/image/createx-icons.woff]
[eth30.bi/static/image/createx-icons.svg]
[eth30.bi/static/css/theme.minc4ca.css]
[eth30.bi/static/css/bootstrap.min.css]
[eth30.bi/static/css/animate.min.css]
[eth30.bi/static/fonts/icofont.woff2]
[eth30.bi/static/fonts/icofont.woff]
[eth30.bi/static/css/icofont.css]
[eth30.bi/static/fonts/flaticon.eot]
[eth30.bi/static/fonts/flaticon.woff]
[eth30.bi/static/fonts/flaticon.ttf]
[eth30.bi/static/css/flaticon.css]
[eth30.bi/static/css/fontawesome.min.css]
[eth30.bi/static/css/fa-brands-400.eot]
[eth30.bi/static/css/fa-brands-400d41d.eot]
[eth30.bi/static/css/fa-brands-400.woff2]
[eth30.bi/static/css/fa-brands-400.woff]
[eth30.bi/static/css/fa-brands-400.ttf]
[eth30.bi/static/css/fa-brands-400.svg]
[eth30.bi/static/css/brands.min52d5.css]
[eth30.bi/static/css/fa-solid-900.eot]
[eth30.bi/static/css/fa-solid-900d41d.eot]
[eth30.bi/static/css/fa-solid-900.woff2]
[eth30.bi/static/css/fa-solid-900.woff]
[eth30.bi/static/css/fa-solid-900.ttf]
[eth30.bi/static/css/fa-solid-900.svg]
[eth30.bi/static/css/solid.min52d5.css]
[eth30.bi/static/css/slick.min.css]
[eth30.bi/static/css/4404874f5e1e4aeb95755ff0175397b5.css]
[eth30.bi/static/images/light.png]
[eth30.bi/static/images/green-ball.png]
[eth30.bi/static/images/greeen-arrow-bg.png]
[eth30.bi/static/images/green-light.png]
[eth30.bi/static/images/purple-light.png]
[eth30.bi/static/images/greeen-arrow-bg2.png]
[eth30.bi/static/images/purple-subsc.png]
[eth30.bi/static/images/purple-ball.png]
[eth30.bi/static/images/orange-light.png]
[eth30.bi/static/css/style.css]
[eth30.bi/static/layui/font/iconfontf013.eot]
[eth30.bi/static/layui/font/iconfontf013.woff2]
[eth30.bi/static/layui/font/iconfontf013.woff]
[eth30.bi/static/layui/font/iconfontf013.ttf]
[eth30.bi/static/layui/css/layui.css]
[eth30.bi/style/image/33-2.html]
[eth30.bi/style/image/bg_countdown.html]
[eth30.bi/index/index/post.html]
[eth30.bi/static/image/createx-icons.html]
[eth30.bi/static/image/createx-icons-2.html]
[eth30.bi/static/fonts/flaticon.svg]
[eth30.bi/static/css/fa-brands-400.html]
[eth30.bi/static/css/fa-solid-900.html]
[eth30.bi/static/css/fa-solid-901.html]
[eth30.bi/static/fonts/tk3iwkuhhaijg75cfrf3bxl8lics1_fv40pkln4nnsesasz7fmlbhyjedg.woff2]
[eth30.bi/static/fonts/tk3iwkuhhaijg75cfrf3bxl8lics1_fv40pkln4nnsesasz7fmlshyjedg.woff2]
[eth30.bi/static/fonts/tk3iwkuhhaijg75cfrf3bxl8lics1_fv40pkln4nnsesasz7fmlzhyjedg.woff2]
[eth30.bi/static/fonts/tk3iwkuhhaijg75cfrf3bxl8lics1_fv40pkln4nnsesasz7fmlyhyjedg.woff2]
[eth30.bi/static/fonts/tk3iwkuhhaijg75cfrf3bxl8lics1_fv40pkln4nnsesasz7fmlwhyg.woff2]
[eth30.bi/static/fonts/pxibyp8kv8jhgfvrldz8z11lfc-k.woff2]
[eth30.bi/static/fonts/pxibyp8kv8jhgfvrldz8z1jlfc-k.woff2]
[eth30.bi/static/fonts/pxibyp8kv8jhgfvrldz8z1xlfq.woff2]
[eth30.bi/static/fonts/pxieyp8kv8jhgfvrjjbecmne.woff2]
[eth30.bi/static/fonts/pxieyp8kv8jhgfvrjjnecmne.woff2]
[eth30.bi/static/fonts/pxieyp8kv8jhgfvrjjfecg.woff2]
[eth30.bi/static/fonts/pxibyp8kv8jhgfvrlgt9z11lfc-k.woff2]
[eth30.bi/static/fonts/pxibyp8kv8jhgfvrlgt9z1jlfc-k.woff2]
[eth30.bi/static/fonts/pxibyp8kv8jhgfvrlgt9z1xlfq.woff2]
[eth30.bi/static/fonts/pxibyp8kv8jhgfvrlej6z11lfc-k.woff2]
[eth30.bi/static/fonts/pxibyp8kv8jhgfvrlej6z1jlfc-k.woff2]
[eth30.bi/static/fonts/pxibyp8kv8jhgfvrlej6z1xlfq.woff2]
[eth30.bi/static/fonts/pxibyp8kv8jhgfvrlcz7z11lfc-k.woff2]
[eth30.bi/static/fonts/pxibyp8kv8jhgfvrlcz7z1jlfc-k.woff2]
[eth30.bi/static/fonts/pxibyp8kv8jhgfvrlcz7z1xlfq.woff2]
[eth30.bi/static/css/4404874f5e1e4aeb95755ff0175397b5.css]
[eth30.bi/static/layui/font/iconfontf013.svg]
[eth30.bi/static/common/img/error.svg]
